<html>
<body>
<pre>
<h1>µVision Build Log</h1>
<h2>Tool Versions:</h2>
IDE-Version: ¦ÌVision V5.15
Copyright (C) 2015 ARM Ltd and ARM Germany GmbH. All rights reserved.
License Information: zzz Microsoft, Microsoft, LIC=Y2B12-9MHP4-HRXXN-YV1HQ-7KGD8-1HBFM
 
Tool Versions:
Toolchain:       MDK-ARM Professional  Version: 5.15.0
Toolchain Path:  E:\SuperSanity\MicroController\STM32F4\installKeil5\Keil5Core\ARM\ARMCC\Bin
C Compiler:      Armcc.exe V5.05 update 2 (build 169)
Assembler:       Armasm.exe V5.05 update 2 (build 169)
Linker/Locator:  ArmLink.exe V5.05 update 2 (build 169)
Library Manager: ArmAr.exe V5.05 update 2 (build 169)
Hex Converter:   FromElf.exe V5.05 update 2 (build 169)
CPU DLL:         SARMCM3.DLL V5.15.0
Dialog DLL:      DCM.DLL V1.13.2.0
Target DLL:      Segger\JL2CM3.dll V2.99.15.0
Dialog DLL:      TCM.DLL V1.14.5.0
 
<h2>Project:</h2>
F:\RM\src\bubing1_zengyu\standard\Project\standard.uvprojx
Project File Date:  01/14/2019

<h2>Output:</h2>
*** Using Compiler 'V5.05 update 2 (build 169)', folder: 'E:\SuperSanity\MicroController\STM32F4\installKeil5\Keil5Core\ARM\ARMCC\Bin'
Build target 'standard'
compiling stm32f4xx_it.c...
compiling system_stm32f4xx.c...
compiling misc.c...
compiling stm32f4xx_adc.c...
compiling stm32f4xx_can.c...
compiling stm32f4xx_cec.c...
compiling stm32f4xx_crc.c...
compiling stm32f4xx_cryp.c...
compiling stm32f4xx_cryp_aes.c...
compiling stm32f4xx_cryp_des.c...
compiling stm32f4xx_cryp_tdes.c...
compiling stm32f4xx_dac.c...
compiling stm32f4xx_dbgmcu.c...
compiling stm32f4xx_dcmi.c...
compiling stm32f4xx_dfsdm.c...
compiling stm32f4xx_dma.c...
compiling stm32f4xx_dma2d.c...
compiling stm32f4xx_dsi.c...
compiling stm32f4xx_exti.c...
compiling stm32f4xx_flash.c...
compiling stm32f4xx_flash_ramfunc.c...
compiling stm32f4xx_fmc.c...
compiling stm32f4xx_fmpi2c.c...
compiling stm32f4xx_gpio.c...
compiling stm32f4xx_hash.c...
compiling stm32f4xx_hash_md5.c...
compiling stm32f4xx_hash_sha1.c...
compiling stm32f4xx_i2c.c...
compiling stm32f4xx_iwdg.c...
compiling stm32f4xx_lptim.c...
compiling stm32f4xx_ltdc.c...
compiling stm32f4xx_pwr.c...
compiling stm32f4xx_qspi.c...
compiling stm32f4xx_rcc.c...
compiling stm32f4xx_rng.c...
compiling stm32f4xx_rtc.c...
compiling stm32f4xx_sai.c...
compiling stm32f4xx_sdio.c...
compiling stm32f4xx_spdifrx.c...
compiling stm32f4xx_spi.c...
compiling stm32f4xx_syscfg.c...
compiling stm32f4xx_tim.c...
compiling stm32f4xx_usart.c...
compiling stm32f4xx_wwdg.c...
compiling croutine.c...
compiling event_groups.c...
compiling list.c...
compiling queue.c...
compiling tasks.c...
compiling timers.c...
compiling heap_4.c...
compiling port.c...
compiling AHRS_middleware.c...
compiling ist8310driver.c...
compiling ist8310driver_middleware.c...
compiling mpu6500driver.c...
compiling mpu6500driver_middleware.c...
compiling user_lib.c...
compiling main.c...
compiling adc.c...
compiling buzzer.c...
compiling can.c...
compiling delay.c...
compiling exit_init.c...
compiling flash.c...
compiling fric.c...
compiling laser.c...
compiling led.c...
compiling power_ctrl.c...
compiling rc.c...
compiling rng.c...
compiling spi.c...
compiling sys.c...
compiling timer.c...
compiling calibrate_task.c...
compiling CAN_receive.c...
compiling chassis_behaviour.c...
compiling chassis_task.c...
..\user\APP\chassis_task\chassis_task.c(249): warning:  #1035-D: single-precision operand implicitly converted to double-precision
          vx_set_channel = (chassis_move_rc_to_vector->vx_max_speed)*
RONT_BACK_PARA;
..\user\APP\chassis_task\chassis_task.c(253): warning:  #1035-D: single-precision operand implicitly converted to double-precision
          vx_set_channel = (chassis_move_rc_to_vector->vx_min_speed)*
RONT_BACK_PARA;
..\user\APP\chassis_task\chassis_task.c(258): warning:  #1035-D: single-precision operand implicitly converted to double-precision
          vy_set_channel = (chassis_move_rc_to_vector->vy_max_speed)*
IGHT_LEFT_PARA;
..\user\APP\chassis_task\chassis_task.c(262): warning:  #1035-D: single-precision operand implicitly converted to double-precision
          vy_set_channel = (chassis_move_rc_to_vector->vy_min_speed)*
IGHT_LEFT_PARA;
..\user\APP\chassis_task\chassis_task.c: 4 warnings, 0 errors
compiling detect_task.c...
compiling FreeRTOS_middleware.c...
compiling gimbal_behaviour.c...
compiling gimbal_task.c...
compiling INS_task.c...
compiling pid.c...
compiling remote_control.c...
compiling shoot.c...
compiling start_task.c...
compiling user_task.c...
linking...
Program Size: Code=50060 RO-data=2772 RW-data=568 ZI-data=135264  
FromELF: creating hex file...
".\Objects\infantry.axf" - 0 Error(s), 4 Warning(s).

<h2>Collection of Component include folders:</h2>
  F:\RM\src\bubing1_zengyu\standard\Project\RTE
  E:\SuperSanity\MicroController\STM32F4\installKeil5\Keil5Core\ARM\PACK\Keil\STM32F4xx_DFP\2.5.0\Drivers\CMSIS\Device\ST\STM32F4xx\Include

<h2>Collection of Component Files used:</h2>
</pre>
</body>
</html>
